// Jest Snapshot v1, https://goo.gl/fbAQLP

exports[`Not Found Page render correctly 1`] = `
<DocumentFragment>
  <section>
    <h1>
      Not Found Page
    </h1>
    <button
      type="button"
    >
      Previous
    </button>
  </section>
</DocumentFragment>
`;
