// Jest Snapshot v1, https://goo.gl/fbAQLP

exports[`Order Complete page render correctly 1`] = `
<DocumentFragment>
  <section>
    <h1>
      주문 완료, 서둘러 배달가겠습니다!
    </h1>
  </section>
</DocumentFragment>
`;
