// Jest Snapshot v1, https://goo.gl/fbAQLP

exports[`Order Page render correctly 1`] = `
<DocumentFragment>
  <section>
    <h1>
      이대로 주문하시겠어요?
    </h1>
    <button
      type="button"
    >
      결제
    </button>
  </section>
</DocumentFragment>
`;
